14:42:08 **** Incremental Build of configuration Debug for project hello_world ****
make all 
Building file: ../src/helloworld.c
Invoking: ARM v8 gcc compiler
aarch64-none-elf-gcc -Wall -O0 -g3 -c -fmessage-length=0 -MT"src/helloworld.o" -I/home/lsriw/Documents/411270/mainBlockDesign_wrapper/export/mainBlockDesign_wrapper/sw/mainBlockDesign_wrapper/standalone_psu_cortexa53_0/bspinclude/include -MMD -MP -MF"src/helloworld.d" -MT"src/helloworld.o" -o "src/helloworld.o" "../src/helloworld.c"
Finished building: ../src/helloworld.c
 
Building target: hello_world.elf
Invoking: ARM v8 gcc linker
aarch64-none-elf-gcc -Wl,-T -Wl,../src/lscript.ld -L/home/lsriw/Documents/411270/mainBlockDesign_wrapper/export/mainBlockDesign_wrapper/sw/mainBlockDesign_wrapper/standalone_psu_cortexa53_0/bsplib/lib -o "hello_world.elf" ./src/helloworld.o ./src/platform.o   -Wl,--start-group,-lxil,-lgcc,-lc,--end-group
Finished building target: hello_world.elf
 
Invoking: ARM v8 Print Size
aarch64-none-elf-size hello_world.elf  |tee "hello_world.elf.size"
   text	   data	    bss	    dec	    hex	filename
  30500	   2048	  20660	  53208	   cfd8	hello_world.elf
Finished building: hello_world.elf.size
 

14:42:09 Build Finished (took 382ms)

